[New LWP 141]
[New LWP 128]
[New LWP 125]
[New LWP 129]
[New LWP 134]
[New LWP 144]
[New LWP 142]
[New LWP 143]
Core was generated by `/home/runner/work/vscode-csharp-autobuild/vscode-csharp-autobuild/diagnostic-in'.
Program terminated with signal SIGSEGV, Segmentation fault.
#0  0x0000ff6ed8ff66bc in ?? () from /home/runner/work/_temp/diagnostic-dotnet/shared/Microsoft.NETCore.App/10.0.11/libcoreclr.so
[Current thread is 1 (LWP 141)]

Thread 8 (LWP 143):
#0  __syscall_cp_asm () at src/thread/aarch64/syscall_cp.s:28
#1  0x0000ff6eda13e438 in __syscall_cp_c (nr=98, u=<optimized out>, v=<optimized out>, w=<optimized out>, x=<optimized out>, y=<optimized out>, z=<optimized out>) at src/thread/pthread_cancel.c:33
#2  0x0000ff6eda13d594 in __futex4_cp (addr=0xff6ed9988494, op=128, val=2, to=<optimized out>) at src/thread/__timedwait.c:24
#3  __timedwait_cp (addr=addr@entry=0xff6ed9988494, val=val@entry=2, clk=clk@entry=1, at=at@entry=0xff6ed99884a8, priv=128, priv@entry=1) at src/thread/__timedwait.c:52
#4  0x0000ff6eda13e8ac in __pthread_cond_timedwait (c=0xff6ed9d08708, m=0xff6ed9d086e0, ts=0xff6ed99884a8) at src/thread/pthread_cond_timedwait.c:100
#5  0x0000ff6ed98202c4 in ?? () from /home/runner/work/_temp/diagnostic-dotnet/shared/Microsoft.NETCore.App/10.0.11/libmscordaccore.so
#6  0x0000ff6ed981ff28 in ?? () from /home/runner/work/_temp/diagnostic-dotnet/shared/Microsoft.NETCore.App/10.0.11/libmscordaccore.so
#7  0x0000ff6ed9824a68 in ?? () from /home/runner/work/_temp/diagnostic-dotnet/shared/Microsoft.NETCore.App/10.0.11/libmscordaccore.so
#8  0x0000ff6ed9a708c4 in ?? () from /home/runner/work/_temp/diagnostic-dotnet/shared/Microsoft.NETCore.App/10.0.11/libmscordbi.so
#9  0x0000ff6ed9a60ad4 in ?? () from /home/runner/work/_temp/diagnostic-dotnet/shared/Microsoft.NETCore.App/10.0.11/libmscordbi.so
#10 0x0000ff6ed9a629b0 in ?? () from /home/runner/work/_temp/diagnostic-dotnet/shared/Microsoft.NETCore.App/10.0.11/libmscordbi.so
#11 0x0000ff6ed982b834 in ?? () from /home/runner/work/_temp/diagnostic-dotnet/shared/Microsoft.NETCore.App/10.0.11/libmscordaccore.so
#12 0x0000ff6eda13f42c in start (p=0xff6ed9988968) at src/thread/pthread_create.c:207
#13 0x0000ff6eda13d7dc in __clone () at src/thread/aarch64/clone.s:28
Backtrace stopped: previous frame identical to this frame (corrupt stack?)

Thread 7 (LWP 142):
#0  __syscall_cp_asm () at src/thread/aarch64/syscall_cp.s:28
#1  0x0000ff6eda13e438 in __syscall_cp_c (nr=98, u=<optimized out>, v=<optimized out>, w=<optimized out>, x=<optimized out>, y=<optimized out>, z=<optimized out>) at src/thread/pthread_cancel.c:33
#2  0x0000ff6eda13d594 in __futex4_cp (addr=0xff6ed99ae8b4, op=128, val=2, to=<optimized out>) at src/thread/__timedwait.c:24
#3  __timedwait_cp (addr=addr@entry=0xff6ed99ae8b4, val=val@entry=2, clk=clk@entry=0, at=at@entry=0x0, priv=128, priv@entry=1) at src/thread/__timedwait.c:52
#4  0x0000ff6eda13e8ac in __pthread_cond_timedwait (c=0xff6ed9d3ac00, m=0xff6ed9d3abd8, ts=0x0) at src/thread/pthread_cond_timedwait.c:100
#5  0x0000ff6ed9f20f50 in std::condition_variable::wait(std::unique_lock<std::mutex>&) () from /usr/lib/libstdc++.so.6
#6  0x0000ab73ac214cdc in netcoredbg::CallbacksQueue::CallbacksWorker() ()
#7  0x0000ff6ed9f2cfbc in ?? () from /usr/lib/libstdc++.so.6
#8  0x0000ff6eda13f42c in start (p=0xff6ed99ae968) at src/thread/pthread_create.c:207
#9  0x0000ff6eda13d7dc in __clone () at src/thread/aarch64/clone.s:28
Backtrace stopped: previous frame identical to this frame (corrupt stack?)

Thread 6 (LWP 144):
#0  __syscall_cp_asm () at src/thread/aarch64/syscall_cp.s:28
#1  0x0000ff6eda13e438 in __syscall_cp_c (nr=63, u=<optimized out>, v=<optimized out>, w=<optimized out>, x=<optimized out>, y=<optimized out>, z=<optimized out>) at src/thread/pthread_cancel.c:33
#2  0x0000ff6eda146068 in read (fd=<optimized out>, buf=<optimized out>, count=<optimized out>) at src/unistd/read.c:6
#3  0x0000ff6ed9a3edf8 in ?? () from /home/runner/work/_temp/diagnostic-dotnet/shared/Microsoft.NETCore.App/10.0.11/libmscordbi.so
#4  0x0000ff6ed9ae2ac0 in ?? () from /home/runner/work/_temp/diagnostic-dotnet/shared/Microsoft.NETCore.App/10.0.11/libmscordbi.so
#5  0x0000ff6ed9ae0e48 in ?? () from /home/runner/work/_temp/diagnostic-dotnet/shared/Microsoft.NETCore.App/10.0.11/libmscordbi.so
#6  0x0000ff6ed982b834 in ?? () from /home/runner/work/_temp/diagnostic-dotnet/shared/Microsoft.NETCore.App/10.0.11/libmscordaccore.so
#7  0x0000ff6eda13f42c in start (p=0xff6ed947c968) at src/thread/pthread_create.c:207
#8  0x0000ff6eda13d7dc in __clone () at src/thread/aarch64/clone.s:28
Backtrace stopped: previous frame identical to this frame (corrupt stack?)

Thread 5 (LWP 134):
#0  __syscall_cp_asm () at src/thread/aarch64/syscall_cp.s:28
#1  0x0000ff6eda13e438 in __syscall_cp_c (nr=98, u=<optimized out>, v=<optimized out>, w=<optimized out>, x=<optimized out>, y=<optimized out>, z=<optimized out>) at src/thread/pthread_cancel.c:33
#2  0x0000ff6eda13d594 in __futex4_cp (addr=0xff6ed9d38f44, op=128, val=2, to=<optimized out>) at src/thread/__timedwait.c:24
#3  __timedwait_cp (addr=addr@entry=0xff6ed9d38f44, val=val@entry=2, clk=clk@entry=0, at=at@entry=0xff6ed9d39140, priv=128, priv@entry=1) at src/thread/__timedwait.c:52
#4  0x0000ff6eda13e8ac in __pthread_cond_timedwait (c=0xff6eda1800a0, m=0xff6eda180078, ts=0xff6ed9d39140) at src/thread/pthread_cond_timedwait.c:100
#5  0x0000ab73ac26ded0 in netcoredbg::ManagedDebuggerHelpers::RunProcess(std::__cxx11::basic_string<char, std::char_traits<char>, std::allocator<char> > const&, std::vector<std::__cxx11::basic_string<char, std::char_traits<char>, std::allocator<char> >, std::allocator<std::__cxx11::basic_string<char, std::char_traits<char>, std::allocator<char> > > > const&) ()
#6  0x0000ab73ac2f14f8 in std::_Function_handler<std::unique_ptr<std::__future_base::_Result_base, std::__future_base::_Result_base::_Deleter> (), std::__future_base::_Task_setter<std::unique_ptr<std::__future_base::_Result<int>, std::__future_base::_Result_base::_Deleter>, std::thread::_Invoker<std::tuple<netcoredbg::VSCodeProtocol::CommandsWorker()::$_0> >, int> >::_M_invoke(std::_Any_data const&) ()
#7  0x0000ab73ac2635f4 in std::__future_base::_State_baseV2::_M_do_set(std::function<std::unique_ptr<std::__future_base::_Result_base, std::__future_base::_Result_base::_Deleter> ()>*, bool*) ()
#8  0x0000ff6eda140a30 in __pthread_once_full (control=0xff6ed9d3a618, init=0xff6ed9f2b5e0 <__once_proxy>) at src/thread/pthread_once.c:22
#9  0x0000ff6eda140a80 in __pthread_once (control=<optimized out>, init=<optimized out>) at src/thread/pthread_once.c:47
#10 0x0000ab73ac263530 in std::__future_base::_State_baseV2::_M_set_result(std::function<std::unique_ptr<std::__future_base::_Result_base, std::__future_base::_Result_base::_Deleter> ()>, bool) ()
#11 0x0000ab73ac2f12c0 in std::__future_base::_Async_state_impl<std::thread::_Invoker<std::tuple<netcoredbg::VSCodeProtocol::CommandsWorker()::$_0> >, int>::_M_run() ()
#12 0x0000ff6ed9f2cfbc in ?? () from /usr/lib/libstdc++.so.6
#13 0x0000ff6eda13f42c in start (p=0xff6ed9d39a90) at src/thread/pthread_create.c:207
#14 0x0000ff6eda13d7dc in __clone () at src/thread/aarch64/clone.s:28
Backtrace stopped: previous frame identical to this frame (corrupt stack?)

Thread 4 (LWP 129):
#0  0x0000ff6eda11a434 in __syscall6 (n=98, a=<optimized out>, b=<optimized out>, c=<optimized out>, d=<optimized out>, e=<optimized out>, f=<optimized out>) at ./arch/aarch64/syscall_arch.h:71
#1  syscall (n=98) at src/misc/syscall.c:20
#2  0x0000ff6ed9f27358 in std::__atomic_futex_unsigned_base::_M_futex_wait_until_steady(unsigned int*, unsigned int, bool, std::chrono::duration<long, std::ratio<1l, 1l> >, std::chrono::duration<long, std::ratio<1l, 1000000000l> >) () from /usr/lib/libstdc++.so.6
#3  0x0000ab73ac2fa064 in std::future_status std::__basic_future<int>::wait_for<long, std::ratio<1l, 1000l> >(std::chrono::duration<long, std::ratio<1l, 1000l> > const&) const ()
#4  0x0000ab73ac2ee06c in netcoredbg::VSCodeProtocol::CommandsWorker() ()
#5  0x0000ff6ed9f2cfbc in ?? () from /usr/lib/libstdc++.so.6
#6  0x0000ff6eda13f42c in start (p=0xff6ed9d5da90) at src/thread/pthread_create.c:207
#7  0x0000ff6eda13d7dc in __clone () at src/thread/aarch64/clone.s:28
Backtrace stopped: previous frame identical to this frame (corrupt stack?)

Thread 3 (LWP 125):
#0  __syscall_cp_asm () at src/thread/aarch64/syscall_cp.s:28
#1  0x0000ff6eda13e438 in __syscall_cp_c (nr=98, u=<optimized out>, v=<optimized out>, w=<optimized out>, x=<optimized out>, y=<optimized out>, z=<optimized out>) at src/thread/pthread_cancel.c:33
#2  0x0000ff6eda13d594 in __futex4_cp (addr=0xffffdd70b2c4, op=128, val=2, to=<optimized out>) at src/thread/__timedwait.c:24
#3  __timedwait_cp (addr=addr@entry=0xffffdd70b2c4, val=val@entry=2, clk=clk@entry=0, at=at@entry=0x0, priv=128, priv@entry=1) at src/thread/__timedwait.c:52
#4  0x0000ff6eda13e8ac in __pthread_cond_timedwait (c=0xff6eda182368, m=0xff6eda182310, ts=0x0) at src/thread/pthread_cond_timedwait.c:100
#5  0x0000ff6ed9f20f50 in std::condition_variable::wait(std::unique_lock<std::mutex>&) () from /usr/lib/libstdc++.so.6
#6  0x0000ab73ac2f05b0 in netcoredbg::VSCodeProtocol::CommandLoop() ()
#7  0x0000ab73ac315c30 in main ()

Thread 2 (LWP 128):
#0  __syscall_cp_asm () at src/thread/aarch64/syscall_cp.s:28
#1  0x0000ff6eda13e438 in __syscall_cp_c (nr=72, u=<optimized out>, v=<optimized out>, w=<optimized out>, x=<optimized out>, y=<optimized out>, z=<optimized out>) at src/thread/pthread_cancel.c:33
#2  0x0000ff6eda12e970 in select (n=<optimized out>, rfds=<optimized out>, wfds=<optimized out>, efds=<optimized out>, tv=<optimized out>) at src/select/select.c:42
#3  0x0000ab73ac31e428 in netcoredbg::IOSystemTraits<netcoredbg::UnixPlatformTag>::async_wait(netcoredbg::IOSystemImpl<netcoredbg::IOSystemTraits<netcoredbg::UnixPlatformTag> >::AsyncHandleIterator, netcoredbg::IOSystemImpl<netcoredbg::IOSystemTraits<netcoredbg::UnixPlatformTag> >::AsyncHandleIterator, std::chrono::duration<long, std::ratio<1l, 1000l> >) ()
#4  0x0000ab73ac31db60 in netcoredbg::IOSystemImpl<netcoredbg::IOSystemTraits<netcoredbg::UnixPlatformTag> >::async_wait(netcoredbg::IOSystemImpl<netcoredbg::IOSystemTraits<netcoredbg::UnixPlatformTag> >::AsyncHandleIterator, netcoredbg::IOSystemImpl<netcoredbg::IOSystemTraits<netcoredbg::UnixPlatformTag> >::AsyncHandleIterator, std::chrono::duration<long, std::ratio<1l, 1000l> >) ()
#5  0x0000ab73ac31bca8 in netcoredbg::IORedirectHelper::worker() ()
#6  0x0000ff6ed9f2cfbc in ?? () from /usr/lib/libstdc++.so.6
#7  0x0000ff6eda13f42c in start (p=0xff6ed9d80a90) at src/thread/pthread_create.c:207
#8  0x0000ff6eda13d7dc in __clone () at src/thread/aarch64/clone.s:28
Backtrace stopped: previous frame identical to this frame (corrupt stack?)

Thread 1 (LWP 141):
#0  0x0000ff6ed8ff66bc in ?? () from /home/runner/work/_temp/diagnostic-dotnet/shared/Microsoft.NETCore.App/10.0.11/libcoreclr.so
#1  0x0000ff6ed8ff6380 in ?? () from /home/runner/work/_temp/diagnostic-dotnet/shared/Microsoft.NETCore.App/10.0.11/libcoreclr.so
#2  0x0000ff6ed8bee274 in ?? () from /home/runner/work/_temp/diagnostic-dotnet/shared/Microsoft.NETCore.App/10.0.11/libcoreclr.so
#3  0x0000ff6ed8bee6dc in coreclr_initialize () from /home/runner/work/_temp/diagnostic-dotnet/shared/Microsoft.NETCore.App/10.0.11/libcoreclr.so
#4  0x0000ab73ac29bbd8 in netcoredbg::Interop::Init(std::__cxx11::basic_string<char, std::char_traits<char>, std::allocator<char> > const&) ()
#5  0x0000ab73ac269ca4 in netcoredbg::ManagedCallback::CreateProcessW(ICorDebugProcess*) ()
#6  0x0000ff6ed9a56ae0 in ?? () from /home/runner/work/_temp/diagnostic-dotnet/shared/Microsoft.NETCore.App/10.0.11/libmscordbi.so
#7  0x0000ff6ed9a5f968 in ?? () from /home/runner/work/_temp/diagnostic-dotnet/shared/Microsoft.NETCore.App/10.0.11/libmscordbi.so
#8  0x0000ff6ed9a601d8 in ?? () from /home/runner/work/_temp/diagnostic-dotnet/shared/Microsoft.NETCore.App/10.0.11/libmscordbi.so
#9  0x0000ff6ed9a602cc in ?? () from /home/runner/work/_temp/diagnostic-dotnet/shared/Microsoft.NETCore.App/10.0.11/libmscordbi.so
#10 0x0000ff6ed982b834 in ?? () from /home/runner/work/_temp/diagnostic-dotnet/shared/Microsoft.NETCore.App/10.0.11/libmscordaccore.so
#11 0x0000ff6eda13f42c in start (p=0xff6ed95ff968) at src/thread/pthread_create.c:207
#12 0x0000ff6eda13d7dc in __clone () at src/thread/aarch64/clone.s:28
Backtrace stopped: previous frame identical to this frame (corrupt stack?)
