[New LWP 74]
[New LWP 58]
[New LWP 61]
[New LWP 62]
[New LWP 77]
[New LWP 67]
[New LWP 75]
[New LWP 76]
Core was generated by `/home/runner/work/vscode-csharp-autobuild/vscode-csharp-autobuild/diagnostic-in'.
Program terminated with signal SIGSEGV, Segmentation fault.
#0  0x0000ff491cdcffd8 in ?? () from /home/runner/work/_temp/diagnostic-dotnet/shared/Microsoft.NETCore.App/8.0.24/libcoreclr.so
[Current thread is 1 (LWP 74)]

Thread 8 (LWP 76):
#0  __syscall_cp_asm () at src/thread/aarch64/syscall_cp.s:28
#1  0x0000ff491e2cf438 in __syscall_cp_c (nr=98, u=<optimized out>, v=<optimized out>, w=<optimized out>, x=<optimized out>, y=<optimized out>, z=<optimized out>) at src/thread/pthread_cancel.c:33
#2  0x0000ff491e2ce594 in __futex4_cp (addr=0xff491d67c4d4, op=128, val=2, to=<optimized out>) at src/thread/__timedwait.c:24
#3  __timedwait_cp (addr=addr@entry=0xff491d67c4d4, val=val@entry=2, clk=clk@entry=1, at=at@entry=0xff491d67c4e8, priv=128, priv@entry=1) at src/thread/__timedwait.c:52
#4  0x0000ff491e2cf8ac in __pthread_cond_timedwait (c=0xff491db4cbc0, m=0xff491db4cb98, ts=0xff491d67c4e8) at src/thread/pthread_cond_timedwait.c:100
#5  0x0000ff491da26474 in ?? () from /home/runner/work/_temp/diagnostic-dotnet/shared/Microsoft.NETCore.App/8.0.24/libmscordaccore.so
#6  0x0000ff491da260ac in ?? () from /home/runner/work/_temp/diagnostic-dotnet/shared/Microsoft.NETCore.App/8.0.24/libmscordaccore.so
#7  0x0000ff491da2a958 in ?? () from /home/runner/work/_temp/diagnostic-dotnet/shared/Microsoft.NETCore.App/8.0.24/libmscordaccore.so
#8  0x0000ff491dc07d00 in ?? () from /home/runner/work/_temp/diagnostic-dotnet/shared/Microsoft.NETCore.App/8.0.24/libmscordbi.so
#9  0x0000ff491dbf881c in ?? () from /home/runner/work/_temp/diagnostic-dotnet/shared/Microsoft.NETCore.App/8.0.24/libmscordbi.so
#10 0x0000ff491dbfa5d0 in ?? () from /home/runner/work/_temp/diagnostic-dotnet/shared/Microsoft.NETCore.App/8.0.24/libmscordbi.so
#11 0x0000ff491da31568 in ?? () from /home/runner/work/_temp/diagnostic-dotnet/shared/Microsoft.NETCore.App/8.0.24/libmscordaccore.so
#12 0x0000ff491e2d042c in start (p=0xff491d67c9c8) at src/thread/pthread_create.c:207
#13 0x0000ff491e2ce7dc in __clone () at src/thread/aarch64/clone.s:28
Backtrace stopped: previous frame identical to this frame (corrupt stack?)

Thread 7 (LWP 75):
#0  __syscall_cp_asm () at src/thread/aarch64/syscall_cp.s:28
#1  0x0000ff491e2cf438 in __syscall_cp_c (nr=98, u=<optimized out>, v=<optimized out>, w=<optimized out>, x=<optimized out>, y=<optimized out>, z=<optimized out>) at src/thread/pthread_cancel.c:33
#2  0x0000ff491e2ce594 in __futex4_cp (addr=0xff491db43914, op=128, val=2, to=<optimized out>) at src/thread/__timedwait.c:24
#3  __timedwait_cp (addr=addr@entry=0xff491db43914, val=val@entry=2, clk=clk@entry=0, at=at@entry=0x0, priv=128, priv@entry=1) at src/thread/__timedwait.c:52
#4  0x0000ff491e2cf8ac in __pthread_cond_timedwait (c=0xff491de9f100, m=0xff491de9f0d8, ts=0x0) at src/thread/pthread_cond_timedwait.c:100
#5  0x0000ff491e0b1f50 in std::condition_variable::wait(std::unique_lock<std::mutex>&) () from /usr/lib/libstdc++.so.6
#6  0x0000ab3fb8df4cdc in netcoredbg::CallbacksQueue::CallbacksWorker() ()
#7  0x0000ff491e0bdfbc in ?? () from /usr/lib/libstdc++.so.6
#8  0x0000ff491e2d042c in start (p=0xff491db439c8) at src/thread/pthread_create.c:207
#9  0x0000ff491e2ce7dc in __clone () at src/thread/aarch64/clone.s:28
Backtrace stopped: previous frame identical to this frame (corrupt stack?)

Thread 6 (LWP 67):
#0  __syscall_cp_asm () at src/thread/aarch64/syscall_cp.s:28
#1  0x0000ff491e2cf438 in __syscall_cp_c (nr=98, u=<optimized out>, v=<optimized out>, w=<optimized out>, x=<optimized out>, y=<optimized out>, z=<optimized out>) at src/thread/pthread_cancel.c:33
#2  0x0000ff491e2ce594 in __futex4_cp (addr=0xff491dec9f44, op=128, val=2, to=<optimized out>) at src/thread/__timedwait.c:24
#3  __timedwait_cp (addr=addr@entry=0xff491dec9f44, val=val@entry=2, clk=clk@entry=0, at=at@entry=0xff491deca140, priv=128, priv@entry=1) at src/thread/__timedwait.c:52
#4  0x0000ff491e2cf8ac in __pthread_cond_timedwait (c=0xff491e3110a0, m=0xff491e311078, ts=0xff491deca140) at src/thread/pthread_cond_timedwait.c:100
#5  0x0000ab3fb8e4ded0 in netcoredbg::ManagedDebuggerHelpers::RunProcess(std::__cxx11::basic_string<char, std::char_traits<char>, std::allocator<char> > const&, std::vector<std::__cxx11::basic_string<char, std::char_traits<char>, std::allocator<char> >, std::allocator<std::__cxx11::basic_string<char, std::char_traits<char>, std::allocator<char> > > > const&) ()
#6  0x0000ab3fb8ed14f8 in std::_Function_handler<std::unique_ptr<std::__future_base::_Result_base, std::__future_base::_Result_base::_Deleter> (), std::__future_base::_Task_setter<std::unique_ptr<std::__future_base::_Result<int>, std::__future_base::_Result_base::_Deleter>, std::thread::_Invoker<std::tuple<netcoredbg::VSCodeProtocol::CommandsWorker()::$_0> >, int> >::_M_invoke(std::_Any_data const&) ()
#7  0x0000ab3fb8e435f4 in std::__future_base::_State_baseV2::_M_do_set(std::function<std::unique_ptr<std::__future_base::_Result_base, std::__future_base::_Result_base::_Deleter> ()>*, bool*) ()
#8  0x0000ff491e2d1a30 in __pthread_once_full (control=0xff491decb618, init=0xff491e0bc5e0 <__once_proxy>) at src/thread/pthread_once.c:22
#9  0x0000ff491e2d1a80 in __pthread_once (control=<optimized out>, init=<optimized out>) at src/thread/pthread_once.c:47
#10 0x0000ab3fb8e43530 in std::__future_base::_State_baseV2::_M_set_result(std::function<std::unique_ptr<std::__future_base::_Result_base, std::__future_base::_Result_base::_Deleter> ()>, bool) ()
#11 0x0000ab3fb8ed12c0 in std::__future_base::_Async_state_impl<std::thread::_Invoker<std::tuple<netcoredbg::VSCodeProtocol::CommandsWorker()::$_0> >, int>::_M_run() ()
#12 0x0000ff491e0bdfbc in ?? () from /usr/lib/libstdc++.so.6
#13 0x0000ff491e2d042c in start (p=0xff491decaa90) at src/thread/pthread_create.c:207
#14 0x0000ff491e2ce7dc in __clone () at src/thread/aarch64/clone.s:28
Backtrace stopped: previous frame identical to this frame (corrupt stack?)

Thread 5 (LWP 77):
#0  __syscall_cp_asm () at src/thread/aarch64/syscall_cp.s:28
#1  0x0000ff491e2cf438 in __syscall_cp_c (nr=63, u=<optimized out>, v=<optimized out>, w=<optimized out>, x=<optimized out>, y=<optimized out>, z=<optimized out>) at src/thread/pthread_cancel.c:33
#2  0x0000ff491e2d7068 in read (fd=<optimized out>, buf=<optimized out>, count=<optimized out>) at src/unistd/read.c:6
#3  0x0000ff491dbd7a8c in ?? () from /home/runner/work/_temp/diagnostic-dotnet/shared/Microsoft.NETCore.App/8.0.24/libmscordbi.so
#4  0x0000ff491dc74948 in ?? () from /home/runner/work/_temp/diagnostic-dotnet/shared/Microsoft.NETCore.App/8.0.24/libmscordbi.so
#5  0x0000ff491dc72ce8 in ?? () from /home/runner/work/_temp/diagnostic-dotnet/shared/Microsoft.NETCore.App/8.0.24/libmscordbi.so
#6  0x0000ff491da31568 in ?? () from /home/runner/work/_temp/diagnostic-dotnet/shared/Microsoft.NETCore.App/8.0.24/libmscordaccore.so
#7  0x0000ff491e2d042c in start (p=0xff491d5f99c8) at src/thread/pthread_create.c:207
#8  0x0000ff491e2ce7dc in __clone () at src/thread/aarch64/clone.s:28
Backtrace stopped: previous frame identical to this frame (corrupt stack?)

Thread 4 (LWP 62):
#0  0x0000ff491e2ab434 in __syscall6 (n=98, a=<optimized out>, b=<optimized out>, c=<optimized out>, d=<optimized out>, e=<optimized out>, f=<optimized out>) at ./arch/aarch64/syscall_arch.h:71
#1  syscall (n=98) at src/misc/syscall.c:20
#2  0x0000ff491e0b8358 in std::__atomic_futex_unsigned_base::_M_futex_wait_until_steady(unsigned int*, unsigned int, bool, std::chrono::duration<long, std::ratio<1l, 1l> >, std::chrono::duration<long, std::ratio<1l, 1000000000l> >) () from /usr/lib/libstdc++.so.6
#3  0x0000ab3fb8eda064 in std::future_status std::__basic_future<int>::wait_for<long, std::ratio<1l, 1000l> >(std::chrono::duration<long, std::ratio<1l, 1000l> > const&) const ()
#4  0x0000ab3fb8ece06c in netcoredbg::VSCodeProtocol::CommandsWorker() ()
#5  0x0000ff491e0bdfbc in ?? () from /usr/lib/libstdc++.so.6
#6  0x0000ff491e2d042c in start (p=0xff491deeea90) at src/thread/pthread_create.c:207
#7  0x0000ff491e2ce7dc in __clone () at src/thread/aarch64/clone.s:28
Backtrace stopped: previous frame identical to this frame (corrupt stack?)

Thread 3 (LWP 61):
#0  __syscall_cp_asm () at src/thread/aarch64/syscall_cp.s:28
#1  0x0000ff491e2cf438 in __syscall_cp_c (nr=72, u=<optimized out>, v=<optimized out>, w=<optimized out>, x=<optimized out>, y=<optimized out>, z=<optimized out>) at src/thread/pthread_cancel.c:33
#2  0x0000ff491e2bf970 in select (n=<optimized out>, rfds=<optimized out>, wfds=<optimized out>, efds=<optimized out>, tv=<optimized out>) at src/select/select.c:42
#3  0x0000ab3fb8efe428 in netcoredbg::IOSystemTraits<netcoredbg::UnixPlatformTag>::async_wait(netcoredbg::IOSystemImpl<netcoredbg::IOSystemTraits<netcoredbg::UnixPlatformTag> >::AsyncHandleIterator, netcoredbg::IOSystemImpl<netcoredbg::IOSystemTraits<netcoredbg::UnixPlatformTag> >::AsyncHandleIterator, std::chrono::duration<long, std::ratio<1l, 1000l> >) ()
#4  0x0000ab3fb8efdb60 in netcoredbg::IOSystemImpl<netcoredbg::IOSystemTraits<netcoredbg::UnixPlatformTag> >::async_wait(netcoredbg::IOSystemImpl<netcoredbg::IOSystemTraits<netcoredbg::UnixPlatformTag> >::AsyncHandleIterator, netcoredbg::IOSystemImpl<netcoredbg::IOSystemTraits<netcoredbg::UnixPlatformTag> >::AsyncHandleIterator, std::chrono::duration<long, std::ratio<1l, 1000l> >) ()
#5  0x0000ab3fb8efbca8 in netcoredbg::IORedirectHelper::worker() ()
#6  0x0000ff491e0bdfbc in ?? () from /usr/lib/libstdc++.so.6
#7  0x0000ff491e2d042c in start (p=0xff491df11a90) at src/thread/pthread_create.c:207
#8  0x0000ff491e2ce7dc in __clone () at src/thread/aarch64/clone.s:28
Backtrace stopped: previous frame identical to this frame (corrupt stack?)

Thread 2 (LWP 58):
#0  __syscall_cp_asm () at src/thread/aarch64/syscall_cp.s:28
#1  0x0000ff491e2cf438 in __syscall_cp_c (nr=98, u=<optimized out>, v=<optimized out>, w=<optimized out>, x=<optimized out>, y=<optimized out>, z=<optimized out>) at src/thread/pthread_cancel.c:33
#2  0x0000ff491e2ce594 in __futex4_cp (addr=0xffffc19e8f34, op=128, val=2, to=<optimized out>) at src/thread/__timedwait.c:24
#3  __timedwait_cp (addr=addr@entry=0xffffc19e8f34, val=val@entry=2, clk=clk@entry=0, at=at@entry=0x0, priv=128, priv@entry=1) at src/thread/__timedwait.c:52
#4  0x0000ff491e2cf8ac in __pthread_cond_timedwait (c=0xff491e313368, m=0xff491e313310, ts=0x0) at src/thread/pthread_cond_timedwait.c:100
#5  0x0000ff491e0b1f50 in std::condition_variable::wait(std::unique_lock<std::mutex>&) () from /usr/lib/libstdc++.so.6
#6  0x0000ab3fb8ed05b0 in netcoredbg::VSCodeProtocol::CommandLoop() ()
#7  0x0000ab3fb8ef5c30 in main ()

Thread 1 (LWP 74):
#0  0x0000ff491cdcffd8 in ?? () from /home/runner/work/_temp/diagnostic-dotnet/shared/Microsoft.NETCore.App/8.0.24/libcoreclr.so
#1  0x0000ff491cdcfad8 in ?? () from /home/runner/work/_temp/diagnostic-dotnet/shared/Microsoft.NETCore.App/8.0.24/libcoreclr.so
#2  0x0000ff491c9cdd98 in ?? () from /home/runner/work/_temp/diagnostic-dotnet/shared/Microsoft.NETCore.App/8.0.24/libcoreclr.so
#3  0x0000ff491c9cdacc in coreclr_initialize () from /home/runner/work/_temp/diagnostic-dotnet/shared/Microsoft.NETCore.App/8.0.24/libcoreclr.so
#4  0x0000ab3fb8e7bbd8 in netcoredbg::Interop::Init(std::__cxx11::basic_string<char, std::char_traits<char>, std::allocator<char> > const&) ()
#5  0x0000ab3fb8e49ca4 in netcoredbg::ManagedCallback::CreateProcessW(ICorDebugProcess*) ()
#6  0x0000ff491dbede30 in ?? () from /home/runner/work/_temp/diagnostic-dotnet/shared/Microsoft.NETCore.App/8.0.24/libmscordbi.so
#7  0x0000ff491dbf7718 in ?? () from /home/runner/work/_temp/diagnostic-dotnet/shared/Microsoft.NETCore.App/8.0.24/libmscordbi.so
#8  0x0000ff491dbf7f64 in ?? () from /home/runner/work/_temp/diagnostic-dotnet/shared/Microsoft.NETCore.App/8.0.24/libmscordbi.so
#9  0x0000ff491dbf8054 in ?? () from /home/runner/work/_temp/diagnostic-dotnet/shared/Microsoft.NETCore.App/8.0.24/libmscordbi.so
#10 0x0000ff491da31568 in ?? () from /home/runner/work/_temp/diagnostic-dotnet/shared/Microsoft.NETCore.App/8.0.24/libmscordaccore.so
#11 0x0000ff491e2d042c in start (p=0xff491d7ff9c8) at src/thread/pthread_create.c:207
#12 0x0000ff491e2ce7dc in __clone () at src/thread/aarch64/clone.s:28
Backtrace stopped: previous frame identical to this frame (corrupt stack?)
