[New LWP 140]
[New LWP 124]
[New LWP 128]
[New LWP 127]
[New LWP 141]
[New LWP 133]
[New LWP 143]
[New LWP 142]
Core was generated by `/home/runner/work/vscode-csharp-autobuild/vscode-csharp-autobuild/diagnostic-in'.
Program terminated with signal SIGSEGV, Segmentation fault.
#0  0x00007f86a7620126 in ?? () from /home/runner/work/_temp/diagnostic-dotnet/shared/Microsoft.NETCore.App/10.0.11/libcoreclr.so
[Current thread is 1 (LWP 140)]

Thread 8 (LWP 142):
#0  __cp_end () at src/thread/x86_64/syscall_cp.s:29
#1  0x00007f86a86dfc55 in __syscall_cp_c (nr=202, u=<optimized out>, v=<optimized out>, w=<optimized out>, x=<optimized out>, y=<optimized out>, z=0) at src/thread/pthread_cancel.c:33
#2  0x00007f86a86df223 in __futex4_cp (addr=0x7f86a7f7c434, op=128, val=2, to=<optimized out>) at src/thread/__timedwait.c:24
#3  __timedwait_cp (addr=addr@entry=0x7f86a7f7c434, val=val@entry=2, clk=clk@entry=1, at=at@entry=0x7f86a7f7c480, priv=128, priv@entry=1) at src/thread/__timedwait.c:52
#4  0x00007f86a86dfff2 in __pthread_cond_timedwait (c=0x7f86a82bd6d8, m=0x7f86a82bd6b0, ts=0x7f86a7f7c480) at src/thread/pthread_cond_timedwait.c:100
#5  0x00007f86a7e15665 in ?? () from /home/runner/work/_temp/diagnostic-dotnet/shared/Microsoft.NETCore.App/10.0.11/libmscordaccore.so
#6  0x00007f86a7e152ef in ?? () from /home/runner/work/_temp/diagnostic-dotnet/shared/Microsoft.NETCore.App/10.0.11/libmscordaccore.so
#7  0x00007f86a7e19d80 in ?? () from /home/runner/work/_temp/diagnostic-dotnet/shared/Microsoft.NETCore.App/10.0.11/libmscordaccore.so
#8  0x00007f86a7e1a063 in ?? () from /home/runner/work/_temp/diagnostic-dotnet/shared/Microsoft.NETCore.App/10.0.11/libmscordaccore.so
#9  0x00007f86a804c919 in ?? () from /home/runner/work/_temp/diagnostic-dotnet/shared/Microsoft.NETCore.App/10.0.11/libmscordbi.so
#10 0x00007f86a803db99 in ?? () from /home/runner/work/_temp/diagnostic-dotnet/shared/Microsoft.NETCore.App/10.0.11/libmscordbi.so
#11 0x00007f86a803faad in ?? () from /home/runner/work/_temp/diagnostic-dotnet/shared/Microsoft.NETCore.App/10.0.11/libmscordbi.so
#12 0x00007f86a7e20d49 in ?? () from /home/runner/work/_temp/diagnostic-dotnet/shared/Microsoft.NETCore.App/10.0.11/libmscordaccore.so
#13 0x00007f86a86e0972 in start (p=0x7f86a7f7c960) at src/thread/pthread_create.c:207
#14 0x00007f86a86e22b4 in __clone () at src/thread/x86_64/clone.s:22
Backtrace stopped: frame did not save the PC

Thread 7 (LWP 143):
#0  __cp_end () at src/thread/x86_64/syscall_cp.s:29
#1  0x00007f86a86dfc55 in __syscall_cp_c (nr=0, u=<optimized out>, v=<optimized out>, w=<optimized out>, x=<optimized out>, y=<optimized out>, z=0) at src/thread/pthread_cancel.c:33
#2  0x00007f86a86e443f in read (fd=<optimized out>, buf=<optimized out>, count=<optimized out>) at src/unistd/read.c:6
#3  0x00007f86a801c691 in ?? () from /home/runner/work/_temp/diagnostic-dotnet/shared/Microsoft.NETCore.App/10.0.11/libmscordbi.so
#4  0x00007f86a80b78d8 in ?? () from /home/runner/work/_temp/diagnostic-dotnet/shared/Microsoft.NETCore.App/10.0.11/libmscordbi.so
#5  0x00007f86a80b5cb5 in ?? () from /home/runner/work/_temp/diagnostic-dotnet/shared/Microsoft.NETCore.App/10.0.11/libmscordbi.so
#6  0x00007f86a7e20d49 in ?? () from /home/runner/work/_temp/diagnostic-dotnet/shared/Microsoft.NETCore.App/10.0.11/libmscordaccore.so
#7  0x00007f86a86e0972 in start (p=0x7f86a7a7c960) at src/thread/pthread_create.c:207
#8  0x00007f86a86e22b4 in __clone () at src/thread/x86_64/clone.s:22
Backtrace stopped: frame did not save the PC

Thread 6 (LWP 133):
#0  __cp_end () at src/thread/x86_64/syscall_cp.s:29
#1  0x00007f86a86dfc55 in __syscall_cp_c (nr=202, u=<optimized out>, v=<optimized out>, w=<optimized out>, x=<optimized out>, y=<optimized out>, z=0) at src/thread/pthread_cancel.c:33
#2  0x00007f86a86df223 in __futex4_cp (addr=0x7f86a82eaf74, op=128, val=2, to=<optimized out>) at src/thread/__timedwait.c:24
#3  __timedwait_cp (addr=addr@entry=0x7f86a82eaf74, val=val@entry=2, clk=clk@entry=0, at=at@entry=0x7f86a82eb1c0, priv=128, priv@entry=1) at src/thread/__timedwait.c:52
#4  0x00007f86a86dfff2 in __pthread_cond_timedwait (c=0x7f86a838e080, m=0x7f86a838e058, ts=0x7f86a82eb1c0) at src/thread/pthread_cond_timedwait.c:100
#5  0x000055b9b5a58e9f in netcoredbg::ManagedDebuggerHelpers::RunProcess(std::__cxx11::basic_string<char, std::char_traits<char>, std::allocator<char> > const&, std::vector<std::__cxx11::basic_string<char, std::char_traits<char>, std::allocator<char> >, std::allocator<std::__cxx11::basic_string<char, std::char_traits<char>, std::allocator<char> > > > const&) ()
#6  0x000055b9b5af71b9 in std::_Function_handler<std::unique_ptr<std::__future_base::_Result_base, std::__future_base::_Result_base::_Deleter> (), std::__future_base::_Task_setter<std::unique_ptr<std::__future_base::_Result<int>, std::__future_base::_Result_base::_Deleter>, std::thread::_Invoker<std::tuple<netcoredbg::VSCodeProtocol::CommandsWorker()::$_0> >, int> >::_M_invoke(std::_Any_data const&) ()
#7  0x000055b9b5a4c84c in std::__future_base::_State_baseV2::_M_do_set(std::function<std::unique_ptr<std::__future_base::_Result_base, std::__future_base::_Result_base::_Deleter> ()>*, bool*) ()
#8  0x00007f86a86e15f6 in __pthread_once_full (control=0x7f86a82edbe8, init=0x7f86a84c60b0 <__once_proxy>) at src/thread/pthread_once.c:22
#9  __pthread_once_full (control=0x7f86a82edbe8, init=0x7f86a84c60b0 <__once_proxy>) at src/thread/pthread_once.c:11
#10 0x00007f86a86e1693 in __pthread_once (control=<optimized out>, init=<optimized out>) at src/thread/pthread_once.c:47
#11 0x000055b9b5a4c76b in std::__future_base::_State_baseV2::_M_set_result(std::function<std::unique_ptr<std::__future_base::_Result_base, std::__future_base::_Result_base::_Deleter> ()>, bool) ()
#12 0x000055b9b5af6f60 in std::__future_base::_Async_state_impl<std::thread::_Invoker<std::tuple<netcoredbg::VSCodeProtocol::CommandsWorker()::$_0> >, int>::_M_run() ()
#13 0x00007f86a84c7990 in ?? () from /usr/lib/libstdc++.so.6
#14 0x00007f86a86e0972 in start (p=0x7f86a82ebaa0) at src/thread/pthread_create.c:207
#15 0x00007f86a86e22b4 in __clone () at src/thread/x86_64/clone.s:22
Backtrace stopped: frame did not save the PC

Thread 5 (LWP 141):
#0  __cp_end () at src/thread/x86_64/syscall_cp.s:29
#1  0x00007f86a86dfc55 in __syscall_cp_c (nr=202, u=<optimized out>, v=<optimized out>, w=<optimized out>, x=<optimized out>, y=<optimized out>, z=0) at src/thread/pthread_cancel.c:33
#2  0x00007f86a86df223 in __futex4_cp (addr=0x7f86a7fa0874, op=128, val=2, to=<optimized out>) at src/thread/__timedwait.c:24
#3  __timedwait_cp (addr=addr@entry=0x7f86a7fa0874, val=val@entry=2, clk=clk@entry=0, at=at@entry=0x0, priv=128, priv@entry=1) at src/thread/__timedwait.c:52
#4  0x00007f86a86dfff2 in __pthread_cond_timedwait (c=0x7f86a7fa6a00, m=0x7f86a7fa69d8, ts=0x0) at src/thread/pthread_cond_timedwait.c:100
#5  0x00007f86a84bd06d in std::condition_variable::wait(std::unique_lock<std::mutex>&) () from /usr/lib/libstdc++.so.6
#6  0x000055b9b59ee4fc in netcoredbg::CallbacksQueue::CallbacksWorker() ()
#7  0x00007f86a84c7990 in ?? () from /usr/lib/libstdc++.so.6
#8  0x00007f86a86e0972 in start (p=0x7f86a7fa0960) at src/thread/pthread_create.c:207
#9  0x00007f86a86e22b4 in __clone () at src/thread/x86_64/clone.s:22
Backtrace stopped: frame did not save the PC

Thread 4 (LWP 127):
#0  __cp_end () at src/thread/x86_64/syscall_cp.s:29
#1  0x00007f86a86dfc55 in __syscall_cp_c (nr=23, u=<optimized out>, v=<optimized out>, w=<optimized out>, x=<optimized out>, y=<optimized out>, z=0) at src/thread/pthread_cancel.c:33
#2  0x00007f86a86d7b5e in select (n=<optimized out>, rfds=<optimized out>, wfds=<optimized out>, efds=<optimized out>, tv=<optimized out>) at src/select/select.c:39
#3  0x000055b9b5b27f93 in netcoredbg::IOSystemTraits<netcoredbg::UnixPlatformTag>::async_wait(netcoredbg::IOSystemImpl<netcoredbg::IOSystemTraits<netcoredbg::UnixPlatformTag> >::AsyncHandleIterator, netcoredbg::IOSystemImpl<netcoredbg::IOSystemTraits<netcoredbg::UnixPlatformTag> >::AsyncHandleIterator, std::chrono::duration<long, std::ratio<1l, 1000l> >) ()
#4  0x000055b9b5b27631 in netcoredbg::IOSystemImpl<netcoredbg::IOSystemTraits<netcoredbg::UnixPlatformTag> >::async_wait(netcoredbg::IOSystemImpl<netcoredbg::IOSystemTraits<netcoredbg::UnixPlatformTag> >::AsyncHandleIterator, netcoredbg::IOSystemImpl<netcoredbg::IOSystemTraits<netcoredbg::UnixPlatformTag> >::AsyncHandleIterator, std::chrono::duration<long, std::ratio<1l, 1000l> >) ()
#5  0x000055b9b5b24c96 in netcoredbg::IORedirectHelper::worker() ()
#6  0x00007f86a84c7990 in ?? () from /usr/lib/libstdc++.so.6
#7  0x00007f86a86e0972 in start (p=0x7f86a8333aa0) at src/thread/pthread_create.c:207
#8  0x00007f86a86e22b4 in __clone () at src/thread/x86_64/clone.s:22
Backtrace stopped: frame did not save the PC

Thread 3 (LWP 128):
#0  0x00007f86a86cfef7 in __syscall6 (n=<optimized out>, a1=<optimized out>, a2=<optimized out>, a3=<optimized out>, a4=<optimized out>, a5=<optimized out>, a6=<optimized out>) at ./arch/x86_64/syscall_arch.h:59
#1  syscall (n=<optimized out>) at src/misc/syscall.c:20
#2  0x00007f86a84c1c72 in std::__atomic_futex_unsigned_base::_M_futex_wait_until_steady(unsigned int*, unsigned int, bool, std::chrono::duration<long, std::ratio<1l, 1l> >, std::chrono::duration<long, std::ratio<1l, 1000000000l> >) () from /usr/lib/libstdc++.so.6
#3  0x000055b9b5b015d4 in std::future_status std::__basic_future<int>::wait_for<long, std::ratio<1l, 1000l> >(std::chrono::duration<long, std::ratio<1l, 1000l> > const&) const ()
#4  0x000055b9b5af2de1 in netcoredbg::VSCodeProtocol::CommandsWorker() ()
#5  0x00007f86a84c7990 in ?? () from /usr/lib/libstdc++.so.6
#6  0x00007f86a86e0972 in start (p=0x7f86a8310aa0) at src/thread/pthread_create.c:207
#7  0x00007f86a86e22b4 in __clone () at src/thread/x86_64/clone.s:22
Backtrace stopped: frame did not save the PC

Thread 2 (LWP 124):
#0  __cp_end () at src/thread/x86_64/syscall_cp.s:29
#1  0x00007f86a86dfc55 in __syscall_cp_c (nr=202, u=<optimized out>, v=<optimized out>, w=<optimized out>, x=<optimized out>, y=<optimized out>, z=0) at src/thread/pthread_cancel.c:33
#2  0x00007f86a86df223 in __futex4_cp (addr=0x7ffc3211ef34, op=128, val=2, to=<optimized out>) at src/thread/__timedwait.c:24
#3  __timedwait_cp (addr=addr@entry=0x7ffc3211ef34, val=val@entry=2, clk=clk@entry=0, at=at@entry=0x0, priv=128, priv@entry=1) at src/thread/__timedwait.c:52
#4  0x00007f86a86dfff2 in __pthread_cond_timedwait (c=0x7f86a8391738, m=0x7f86a83916e0, ts=0x0) at src/thread/pthread_cond_timedwait.c:100
#5  0x00007f86a84bd06d in std::condition_variable::wait(std::unique_lock<std::mutex>&) () from /usr/lib/libstdc++.so.6
#6  0x000055b9b5af5f3e in netcoredbg::VSCodeProtocol::CommandLoop() ()
#7  0x000055b9b5b1df44 in main ()

Thread 1 (LWP 140):
#0  0x00007f86a7620126 in ?? () from /home/runner/work/_temp/diagnostic-dotnet/shared/Microsoft.NETCore.App/10.0.11/libcoreclr.so
#1  0x00007f86a761fbe0 in ?? () from /home/runner/work/_temp/diagnostic-dotnet/shared/Microsoft.NETCore.App/10.0.11/libcoreclr.so
#2  0x00007f86a71cca3e in ?? () from /home/runner/work/_temp/diagnostic-dotnet/shared/Microsoft.NETCore.App/10.0.11/libcoreclr.so
#3  0x00007f86a71ccd31 in coreclr_initialize () from /home/runner/work/_temp/diagnostic-dotnet/shared/Microsoft.NETCore.App/10.0.11/libcoreclr.so
#4  0x000055b9b5a921cb in netcoredbg::Interop::Init(std::__cxx11::basic_string<char, std::char_traits<char>, std::allocator<char> > const&) ()
#5  0x000055b9b5a541fe in netcoredbg::ManagedCallback::CreateProcessW(ICorDebugProcess*) ()
#6  0x00007f86a804a26d in ?? () from /home/runner/work/_temp/diagnostic-dotnet/shared/Microsoft.NETCore.App/10.0.11/libmscordbi.so
#7  0x00007f86a80338c9 in ?? () from /home/runner/work/_temp/diagnostic-dotnet/shared/Microsoft.NETCore.App/10.0.11/libmscordbi.so
#8  0x00007f86a803cb38 in ?? () from /home/runner/work/_temp/diagnostic-dotnet/shared/Microsoft.NETCore.App/10.0.11/libmscordbi.so
#9  0x00007f86a803d3db in ?? () from /home/runner/work/_temp/diagnostic-dotnet/shared/Microsoft.NETCore.App/10.0.11/libmscordbi.so
#10 0x00007f86a803d489 in ?? () from /home/runner/work/_temp/diagnostic-dotnet/shared/Microsoft.NETCore.App/10.0.11/libmscordbi.so
#11 0x00007f86a7e20d49 in ?? () from /home/runner/work/_temp/diagnostic-dotnet/shared/Microsoft.NETCore.App/10.0.11/libmscordaccore.so
#12 0x00007f86a86e0972 in start (p=0x7f86a7bff960) at src/thread/pthread_create.c:207
#13 0x00007f86a86e22b4 in __clone () at src/thread/x86_64/clone.s:22
Backtrace stopped: frame did not save the PC
