[New LWP 73]
[New LWP 57]
[New LWP 61]
[New LWP 66]
[New LWP 76]
[New LWP 60]
[New LWP 74]
[New LWP 75]
Core was generated by `/home/runner/work/vscode-csharp-autobuild/vscode-csharp-autobuild/diagnostic-in'.
Program terminated with signal SIGSEGV, Segmentation fault.
#0  0x00007f72f11ee026 in ?? () from /home/runner/work/_temp/diagnostic-dotnet/shared/Microsoft.NETCore.App/8.0.24/libcoreclr.so
[Current thread is 1 (LWP 73)]

Thread 8 (LWP 75):
#0  __cp_end () at src/thread/x86_64/syscall_cp.s:29
#1  0x00007f72f270ac55 in __syscall_cp_c (nr=202, u=<optimized out>, v=<optimized out>, w=<optimized out>, x=<optimized out>, y=<optimized out>, z=0) at src/thread/pthread_cancel.c:33
#2  0x00007f72f270a223 in __futex4_cp (addr=0x7f72f1fa6484, op=128, val=2, to=<optimized out>) at src/thread/__timedwait.c:24
#3  __timedwait_cp (addr=addr@entry=0x7f72f1fa6484, val=val@entry=2, clk=clk@entry=1, at=at@entry=0x7f72f1fa64e0, priv=128, priv@entry=1) at src/thread/__timedwait.c:52
#4  0x00007f72f270aff2 in __pthread_cond_timedwait (c=0x7f72f1fd2538, m=0x7f72f1fd2510, ts=0x7f72f1fa64e0) at src/thread/pthread_cond_timedwait.c:100
#5  0x00007f72f1e18585 in ?? () from /home/runner/work/_temp/diagnostic-dotnet/shared/Microsoft.NETCore.App/8.0.24/libmscordaccore.so
#6  0x00007f72f1e181ef in ?? () from /home/runner/work/_temp/diagnostic-dotnet/shared/Microsoft.NETCore.App/8.0.24/libmscordaccore.so
#7  0x00007f72f1e1cde5 in ?? () from /home/runner/work/_temp/diagnostic-dotnet/shared/Microsoft.NETCore.App/8.0.24/libmscordaccore.so
#8  0x00007f72f1e1d093 in ?? () from /home/runner/work/_temp/diagnostic-dotnet/shared/Microsoft.NETCore.App/8.0.24/libmscordaccore.so
#9  0x00007f72f2077049 in ?? () from /home/runner/work/_temp/diagnostic-dotnet/shared/Microsoft.NETCore.App/8.0.24/libmscordbi.so
#10 0x00007f72f2068ba9 in ?? () from /home/runner/work/_temp/diagnostic-dotnet/shared/Microsoft.NETCore.App/8.0.24/libmscordbi.so
#11 0x00007f72f206a8ed in ?? () from /home/runner/work/_temp/diagnostic-dotnet/shared/Microsoft.NETCore.App/8.0.24/libmscordbi.so
#12 0x00007f72f1e23d2e in ?? () from /home/runner/work/_temp/diagnostic-dotnet/shared/Microsoft.NETCore.App/8.0.24/libmscordaccore.so
#13 0x00007f72f270b972 in start (p=0x7f72f1fa69c0) at src/thread/pthread_create.c:207
#14 0x00007f72f270d2b4 in __clone () at src/thread/x86_64/clone.s:22
Backtrace stopped: frame did not save the PC

Thread 7 (LWP 74):
#0  __cp_end () at src/thread/x86_64/syscall_cp.s:29
#1  0x00007f72f270ac55 in __syscall_cp_c (nr=202, u=<optimized out>, v=<optimized out>, w=<optimized out>, x=<optimized out>, y=<optimized out>, z=0) at src/thread/pthread_cancel.c:33
#2  0x00007f72f270a223 in __futex4_cp (addr=0x7f72f1fcb8d4, op=128, val=2, to=<optimized out>) at src/thread/__timedwait.c:24
#3  __timedwait_cp (addr=addr@entry=0x7f72f1fcb8d4, val=val@entry=2, clk=clk@entry=0, at=at@entry=0x0, priv=128, priv@entry=1) at src/thread/__timedwait.c:52
#4  0x00007f72f270aff2 in __pthread_cond_timedwait (c=0x7f72f1fd36c0, m=0x7f72f1fd3698, ts=0x0) at src/thread/pthread_cond_timedwait.c:100
#5  0x00007f72f24e806d in std::condition_variable::wait(std::unique_lock<std::mutex>&) () from /usr/lib/libstdc++.so.6
#6  0x000055ef5a35b4fc in netcoredbg::CallbacksQueue::CallbacksWorker() ()
#7  0x00007f72f24f2990 in ?? () from /usr/lib/libstdc++.so.6
#8  0x00007f72f270b972 in start (p=0x7f72f1fcb9c0) at src/thread/pthread_create.c:207
#9  0x00007f72f270d2b4 in __clone () at src/thread/x86_64/clone.s:22
Backtrace stopped: frame did not save the PC

Thread 6 (LWP 60):
#0  __cp_end () at src/thread/x86_64/syscall_cp.s:29
#1  0x00007f72f270ac55 in __syscall_cp_c (nr=23, u=<optimized out>, v=<optimized out>, w=<optimized out>, x=<optimized out>, y=<optimized out>, z=0) at src/thread/pthread_cancel.c:33
#2  0x00007f72f2702b5e in select (n=<optimized out>, rfds=<optimized out>, wfds=<optimized out>, efds=<optimized out>, tv=<optimized out>) at src/select/select.c:39
#3  0x000055ef5a494f93 in netcoredbg::IOSystemTraits<netcoredbg::UnixPlatformTag>::async_wait(netcoredbg::IOSystemImpl<netcoredbg::IOSystemTraits<netcoredbg::UnixPlatformTag> >::AsyncHandleIterator, netcoredbg::IOSystemImpl<netcoredbg::IOSystemTraits<netcoredbg::UnixPlatformTag> >::AsyncHandleIterator, std::chrono::duration<long, std::ratio<1l, 1000l> >) ()
#4  0x000055ef5a494631 in netcoredbg::IOSystemImpl<netcoredbg::IOSystemTraits<netcoredbg::UnixPlatformTag> >::async_wait(netcoredbg::IOSystemImpl<netcoredbg::IOSystemTraits<netcoredbg::UnixPlatformTag> >::AsyncHandleIterator, netcoredbg::IOSystemImpl<netcoredbg::IOSystemTraits<netcoredbg::UnixPlatformTag> >::AsyncHandleIterator, std::chrono::duration<long, std::ratio<1l, 1000l> >) ()
#5  0x000055ef5a491c96 in netcoredbg::IORedirectHelper::worker() ()
#6  0x00007f72f24f2990 in ?? () from /usr/lib/libstdc++.so.6
#7  0x00007f72f270b972 in start (p=0x7f72f235eaa0) at src/thread/pthread_create.c:207
#8  0x00007f72f270d2b4 in __clone () at src/thread/x86_64/clone.s:22
Backtrace stopped: frame did not save the PC

Thread 5 (LWP 76):
#0  __cp_end () at src/thread/x86_64/syscall_cp.s:29
#1  0x00007f72f270ac55 in __syscall_cp_c (nr=0, u=<optimized out>, v=<optimized out>, w=<optimized out>, x=<optimized out>, y=<optimized out>, z=0) at src/thread/pthread_cancel.c:33
#2  0x00007f72f270f43f in read (fd=<optimized out>, buf=<optimized out>, count=<optimized out>) at src/unistd/read.c:6
#3  0x00007f72f20478d1 in ?? () from /home/runner/work/_temp/diagnostic-dotnet/shared/Microsoft.NETCore.App/8.0.24/libmscordbi.so
#4  0x00007f72f20df8d8 in ?? () from /home/runner/work/_temp/diagnostic-dotnet/shared/Microsoft.NETCore.App/8.0.24/libmscordbi.so
#5  0x00007f72f20ddc25 in ?? () from /home/runner/work/_temp/diagnostic-dotnet/shared/Microsoft.NETCore.App/8.0.24/libmscordbi.so
#6  0x00007f72f1e23d2e in ?? () from /home/runner/work/_temp/diagnostic-dotnet/shared/Microsoft.NETCore.App/8.0.24/libmscordaccore.so
#7  0x00007f72f270b972 in start (p=0x7f72f1a7c9c0) at src/thread/pthread_create.c:207
#8  0x00007f72f270d2b4 in __clone () at src/thread/x86_64/clone.s:22
Backtrace stopped: frame did not save the PC

Thread 4 (LWP 66):
#0  __cp_end () at src/thread/x86_64/syscall_cp.s:29
#1  0x00007f72f270ac55 in __syscall_cp_c (nr=202, u=<optimized out>, v=<optimized out>, w=<optimized out>, x=<optimized out>, y=<optimized out>, z=0) at src/thread/pthread_cancel.c:33
#2  0x00007f72f270a223 in __futex4_cp (addr=0x7f72f2315f74, op=128, val=2, to=<optimized out>) at src/thread/__timedwait.c:24
#3  __timedwait_cp (addr=addr@entry=0x7f72f2315f74, val=val@entry=2, clk=clk@entry=0, at=at@entry=0x7f72f23161c0, priv=128, priv@entry=1) at src/thread/__timedwait.c:52
#4  0x00007f72f270aff2 in __pthread_cond_timedwait (c=0x7f72f23b9080, m=0x7f72f23b9058, ts=0x7f72f23161c0) at src/thread/pthread_cond_timedwait.c:100
#5  0x000055ef5a3c5e9f in netcoredbg::ManagedDebuggerHelpers::RunProcess(std::__cxx11::basic_string<char, std::char_traits<char>, std::allocator<char> > const&, std::vector<std::__cxx11::basic_string<char, std::char_traits<char>, std::allocator<char> >, std::allocator<std::__cxx11::basic_string<char, std::char_traits<char>, std::allocator<char> > > > const&) ()
#6  0x000055ef5a4641b9 in std::_Function_handler<std::unique_ptr<std::__future_base::_Result_base, std::__future_base::_Result_base::_Deleter> (), std::__future_base::_Task_setter<std::unique_ptr<std::__future_base::_Result<int>, std::__future_base::_Result_base::_Deleter>, std::thread::_Invoker<std::tuple<netcoredbg::VSCodeProtocol::CommandsWorker()::$_0> >, int> >::_M_invoke(std::_Any_data const&) ()
#7  0x000055ef5a3b984c in std::__future_base::_State_baseV2::_M_do_set(std::function<std::unique_ptr<std::__future_base::_Result_base, std::__future_base::_Result_base::_Deleter> ()>*, bool*) ()
#8  0x00007f72f270c5f6 in __pthread_once_full (control=0x7f72f23b8628, init=0x7f72f24f10b0 <__once_proxy>) at src/thread/pthread_once.c:22
#9  __pthread_once_full (control=0x7f72f23b8628, init=0x7f72f24f10b0 <__once_proxy>) at src/thread/pthread_once.c:11
#10 0x00007f72f270c693 in __pthread_once (control=<optimized out>, init=<optimized out>) at src/thread/pthread_once.c:47
#11 0x000055ef5a3b976b in std::__future_base::_State_baseV2::_M_set_result(std::function<std::unique_ptr<std::__future_base::_Result_base, std::__future_base::_Result_base::_Deleter> ()>, bool) ()
#12 0x000055ef5a463f60 in std::__future_base::_Async_state_impl<std::thread::_Invoker<std::tuple<netcoredbg::VSCodeProtocol::CommandsWorker()::$_0> >, int>::_M_run() ()
#13 0x00007f72f24f2990 in ?? () from /usr/lib/libstdc++.so.6
#14 0x00007f72f270b972 in start (p=0x7f72f2316aa0) at src/thread/pthread_create.c:207
#15 0x00007f72f270d2b4 in __clone () at src/thread/x86_64/clone.s:22
Backtrace stopped: frame did not save the PC

Thread 3 (LWP 61):
#0  0x00007f72f26faef7 in __syscall6 (n=<optimized out>, a1=<optimized out>, a2=<optimized out>, a3=<optimized out>, a4=<optimized out>, a5=<optimized out>, a6=<optimized out>) at ./arch/x86_64/syscall_arch.h:59
#1  syscall (n=<optimized out>) at src/misc/syscall.c:20
#2  0x00007f72f24ecc72 in std::__atomic_futex_unsigned_base::_M_futex_wait_until_steady(unsigned int*, unsigned int, bool, std::chrono::duration<long, std::ratio<1l, 1l> >, std::chrono::duration<long, std::ratio<1l, 1000000000l> >) () from /usr/lib/libstdc++.so.6
#3  0x000055ef5a46e5d4 in std::future_status std::__basic_future<int>::wait_for<long, std::ratio<1l, 1000l> >(std::chrono::duration<long, std::ratio<1l, 1000l> > const&) const ()
#4  0x000055ef5a45fde1 in netcoredbg::VSCodeProtocol::CommandsWorker() ()
#5  0x00007f72f24f2990 in ?? () from /usr/lib/libstdc++.so.6
#6  0x00007f72f270b972 in start (p=0x7f72f233baa0) at src/thread/pthread_create.c:207
#7  0x00007f72f270d2b4 in __clone () at src/thread/x86_64/clone.s:22
Backtrace stopped: frame did not save the PC

Thread 2 (LWP 57):
#0  __cp_end () at src/thread/x86_64/syscall_cp.s:29
#1  0x00007f72f270ac55 in __syscall_cp_c (nr=202, u=<optimized out>, v=<optimized out>, w=<optimized out>, x=<optimized out>, y=<optimized out>, z=0) at src/thread/pthread_cancel.c:33
#2  0x00007f72f270a223 in __futex4_cp (addr=0x7ffd05e3d614, op=128, val=2, to=<optimized out>) at src/thread/__timedwait.c:24
#3  __timedwait_cp (addr=addr@entry=0x7ffd05e3d614, val=val@entry=2, clk=clk@entry=0, at=at@entry=0x0, priv=128, priv@entry=1) at src/thread/__timedwait.c:52
#4  0x00007f72f270aff2 in __pthread_cond_timedwait (c=0x7f72f23bc738, m=0x7f72f23bc6e0, ts=0x0) at src/thread/pthread_cond_timedwait.c:100
#5  0x00007f72f24e806d in std::condition_variable::wait(std::unique_lock<std::mutex>&) () from /usr/lib/libstdc++.so.6
#6  0x000055ef5a462f3e in netcoredbg::VSCodeProtocol::CommandLoop() ()
#7  0x000055ef5a48af44 in main ()

Thread 1 (LWP 73):
#0  0x00007f72f11ee026 in ?? () from /home/runner/work/_temp/diagnostic-dotnet/shared/Microsoft.NETCore.App/8.0.24/libcoreclr.so
#1  0x00007f72f11eda26 in ?? () from /home/runner/work/_temp/diagnostic-dotnet/shared/Microsoft.NETCore.App/8.0.24/libcoreclr.so
#2  0x00007f72f0dab0ae in ?? () from /home/runner/work/_temp/diagnostic-dotnet/shared/Microsoft.NETCore.App/8.0.24/libcoreclr.so
#3  0x00007f72f0daad0b in coreclr_initialize () from /home/runner/work/_temp/diagnostic-dotnet/shared/Microsoft.NETCore.App/8.0.24/libcoreclr.so
#4  0x000055ef5a3ff1cb in netcoredbg::Interop::Init(std::__cxx11::basic_string<char, std::char_traits<char>, std::allocator<char> > const&) ()
#5  0x000055ef5a3c11fe in netcoredbg::ManagedCallback::CreateProcessW(ICorDebugProcess*) ()
#6  0x00007f72f2074a1d in ?? () from /home/runner/work/_temp/diagnostic-dotnet/shared/Microsoft.NETCore.App/8.0.24/libmscordbi.so
#7  0x00007f72f205d3fa in ?? () from /home/runner/work/_temp/diagnostic-dotnet/shared/Microsoft.NETCore.App/8.0.24/libmscordbi.so
#8  0x00007f72f2067bc8 in ?? () from /home/runner/work/_temp/diagnostic-dotnet/shared/Microsoft.NETCore.App/8.0.24/libmscordbi.so
#9  0x00007f72f2068457 in ?? () from /home/runner/work/_temp/diagnostic-dotnet/shared/Microsoft.NETCore.App/8.0.24/libmscordbi.so
#10 0x00007f72f20684f9 in ?? () from /home/runner/work/_temp/diagnostic-dotnet/shared/Microsoft.NETCore.App/8.0.24/libmscordbi.so
#11 0x00007f72f1e23d2e in ?? () from /home/runner/work/_temp/diagnostic-dotnet/shared/Microsoft.NETCore.App/8.0.24/libmscordaccore.so
#12 0x00007f72f270b972 in start (p=0x7f72f1bff9c0) at src/thread/pthread_create.c:207
#13 0x00007f72f270d2b4 in __clone () at src/thread/x86_64/clone.s:22
Backtrace stopped: frame did not save the PC
